<?xml version="1.0" encoding="utf-8"?><testsuites><testsuite name="pytest" errors="0" failures="0" skipped="0" tests="27" time="0.077" timestamp="2026-03-26T12:30:26.554882-07:00" hostname="Mac"><testcase classname="tests.test_calculator.TestAdd" name="test_positive_numbers" time="0.000" /><testcase classname="tests.test_calculator.TestAdd" name="test_negative_numbers" time="0.000" /><testcase classname="tests.test_calculator.TestAdd" name="test_mixed_sign" time="0.000" /><testcase classname="tests.test_calculator.TestAdd" name="test_floats" time="0.000" /><testcase classname="tests.test_calculator.TestAdd" name="test_zero" time="0.000" /><testcase classname="tests.test_calculator.TestSubtract" name="test_positive_result" time="0.000" /><testcase classname="tests.test_calculator.TestSubtract" name="test_negative_result" time="0.000" /><testcase classname="tests.test_calculator.TestSubtract" name="test_zero_result" time="0.000" /><testcase classname="tests.test_calculator.TestMultiply" name="test_positive_numbers" time="0.000" /><testcase classname="tests.test_calculator.TestMultiply" name="test_by_zero" time="0.000" /><testcase classname="tests.test_calculator.TestMultiply" name="test_negative_numbers" time="0.000" /><testcase classname="tests.test_calculator.TestMultiply" name="test_mixed_sign" time="0.000" /><testcase classname="tests.test_calculator.TestDivide" name="test_exact_division" time="0.000" /><testcase classname="tests.test_calculator.TestDivide" name="test_float_result" time="0.000" /><testcase classname="tests.test_calculator.TestDivide" name="test_divide_by_zero" time="0.000" /><testcase classname="tests.test_calculator.TestDivide" name="test_negative_divisor" time="0.000" /><testcase classname="tests.test_calculator.TestPower" name="test_positive_exponent" time="0.000" /><testcase classname="tests.test_calculator.TestPower" name="test_zero_exponent" time="0.000" /><testcase classname="tests.test_calculator.TestPower" name="test_negative_exponent" time="0.000" /><testcase classname="tests.test_calculator.TestPower" name="test_base_zero" time="0.000" /><testcase classname="tests.test_list_utils" name="test_remove_duplicates" time="0.000" /><testcase classname="tests.test_list_utils" name="test_remove_duplicates_invalid" time="0.000" /><testcase classname="tests.test_list_utils" name="test_find_max" time="0.000" /><testcase classname="tests.test_list_utils" name="test_find_max_empty" time="0.000" /><testcase classname="tests.test_list_utils" name="test_flatten_list" time="0.000" /><testcase classname="tests.test_list_utils" name="test_flatten_list_invalid" time="0.000" /><testcase classname="tests.test_list_utils" name="test_count_occurrences" time="0.000" /></testsuite></testsuites>